// Jest Snapshot v1, https://goo.gl/fbAQLP

exports[`Create files task should write package.json correct 1`] = `
"{
  \\"name\\": \\"my-server\\",
  \\"main\\": \\"index.js\\",
  \\"version\\": \\"1.0.0\\",
  \\"description\\": \\"This is my server.\\",
  \\"scripts\\": {
    \\"test\\": \\"echo test\\",
    \\"build\\": \\"babel src/ -d lib/\\"
  },
  \\"dependencies\\": {},
  \\"devDependencies\\": {},
  \\"keywords\\": []
}
"
`;

exports[`Show complete message of task should showed correct 1`] = `
"
It's all done! You can start to develop your mighty project!

You can use:

  npm/yarn run local               Run the local server.
  npm/yarn run deploy:dev          Deploy the server of dev stage.
  npm/yarn run deploy:production   Deploy the server of production stage.

Enjoy it!
        "
`;
